
> build
> vue-tsc --noEmit && vite build

[36mvite v6.4.3 [32mbuilding for production...[36m[39m
transforming...
[32m✓[39m 3182 modules transformed.
rendering chunks...
computing gzip size...
[2mpublic/build/[22m[32mmanifest.json                                                            [39m[1m[2m 81.28 kB[22m[1m[22m[2m │ gzip:   5.79 kB[22m
[2mpublic/build/[22m[35massets/QrCodes-CQVXXroI.css                                              [39m[1m[2m  0.09 kB[22m[1m[22m[2m │ gzip:   0.10 kB[22m
[2mpublic/build/[22m[35massets/Index-DNfxLSv0.css                                                [39m[1m[2m  0.22 kB[22m[1m[22m[2m │ gzip:   0.17 kB[22m
[2mpublic/build/[22m[35massets/Board-DAoyka2m.css                                                [39m[1m[2m  0.26 kB[22m[1m[22m[2m │ gzip:   0.17 kB[22m
[2mpublic/build/[22m[35massets/Queue-DjKRRLES.css                                                [39m[1m[2m  0.41 kB[22m[1m[22m[2m │ gzip:   0.21 kB[22m
[2mpublic/build/[22m[35massets/DataTable-BsUPD3gA.css                                            [39m[1m[2m  0.44 kB[22m[1m[22m[2m │ gzip:   0.25 kB[22m
[2mpublic/build/[22m[35massets/app-8zPYE8JH.css                                                  [39m[1m[2m121.34 kB[22m[1m[22m[2m │ gzip:  18.67 kB[22m
[2mpublic/build/[22m[36massets/_plugin-vue_export-helper-DlAUqK2U.js                             [39m[1m[2m  0.09 kB[22m[1m[22m[2m │ gzip:   0.10 kB[22m
[2mpublic/build/[22m[36massets/minus-Cg2Y9B1U.js                                                 [39m[1m[2m  0.30 kB[22m[1m[22m[2m │ gzip:   0.25 kB[22m
[2mpublic/build/[22m[36massets/Spinner.vue_vue_type_script_setup_true_lang-mnWtJKcl.js           [39m[1m[2m  0.31 kB[22m[1m[22m[2m │ gzip:   0.25 kB[22m
[2mpublic/build/[22m[36massets/check-BCrvaZoX.js                                                 [39m[1m[2m  0.31 kB[22m[1m[22m[2m │ gzip:   0.25 kB[22m
[2mpublic/build/[22m[36massets/chevron-left-BXfgDC1_.js                                          [39m[1m[2m  0.32 kB[22m[1m[22m[2m │ gzip:   0.26 kB[22m
[2mpublic/build/[22m[36massets/x-DP6MUl2z.js                                                     [39m[1m[2m  0.34 kB[22m[1m[22m[2m │ gzip:   0.26 kB[22m
[2mpublic/build/[22m[36massets/plus-Bf-ibFyo.js                                                  [39m[1m[2m  0.34 kB[22m[1m[22m[2m │ gzip:   0.27 kB[22m
[2mpublic/build/[22m[36massets/arrow-left-Dt9V7468.js                                            [39m[1m[2m  0.35 kB[22m[1m[22m[2m │ gzip:   0.28 kB[22m
[2mpublic/build/[22m[36massets/search-BblSRXgv.js                                                [39m[1m[2m  0.35 kB[22m[1m[22m[2m │ gzip:   0.28 kB[22m
[2mpublic/build/[22m[36massets/idempotency-CGFNFvu5.js                                           [39m[1m[2m  0.36 kB[22m[1m[22m[2m │ gzip:   0.27 kB[22m
[2mpublic/build/[22m[36massets/circle-check-BFWWx4Ly.js                                          [39m[1m[2m  0.36 kB[22m[1m[22m[2m │ gzip:   0.28 kB[22m
[2mpublic/build/[22m[36massets/clock-CWzE6sNc.js                                                 [39m[1m[2m  0.37 kB[22m[1m[22m[2m │ gzip:   0.28 kB[22m
[2mpublic/build/[22m[36massets/smartphone-CDf-FuIu.js                                            [39m[1m[2m  0.38 kB[22m[1m[22m[2m │ gzip:   0.30 kB[22m
[2mpublic/build/[22m[36massets/rotate-ccw-C0REFrb4.js                                            [39m[1m[2m  0.39 kB[22m[1m[22m[2m │ gzip:   0.30 kB[22m
[2mpublic/build/[22m[36massets/info-ChCRcNX1.js                                                  [39m[1m[2m  0.39 kB[22m[1m[22m[2m │ gzip:   0.29 kB[22m
[2mpublic/build/[22m[36massets/DataTable-jwlp3C6c.js                                             [39m[1m[2m  0.39 kB[22m[1m[22m[2m │ gzip:   0.31 kB[22m
[2mpublic/build/[22m[36massets/Label.vue_vue_type_script_setup_true_lang-CtJ8QTSb.js             [39m[1m[2m  0.39 kB[22m[1m[22m[2m │ gzip:   0.29 kB[22m
[2mpublic/build/[22m[36massets/percent-BifgJvFd.js                                               [39m[1m[2m  0.42 kB[22m[1m[22m[2m │ gzip:   0.30 kB[22m
[2mpublic/build/[22m[36massets/circle-alert-BBWoAE8U.js                                          [39m[1m[2m  0.44 kB[22m[1m[22m[2m │ gzip:   0.30 kB[22m
[2mpublic/build/[22m[36massets/external-link-D1H0JOEh.js                                         [39m[1m[2m  0.44 kB[22m[1m[22m[2m │ gzip:   0.31 kB[22m
[2mpublic/build/[22m[36massets/shopping-bag-Cygn4NXH.js                                          [39m[1m[2m  0.44 kB[22m[1m[22m[2m │ gzip:   0.32 kB[22m
[2mpublic/build/[22m[36massets/eye-CKbLsUhX.js                                                   [39m[1m[2m  0.44 kB[22m[1m[22m[2m │ gzip:   0.31 kB[22m
[2mpublic/build/[22m[36massets/map-pin-iUqIhLrW.js                                               [39m[1m[2m  0.44 kB[22m[1m[22m[2m │ gzip:   0.33 kB[22m
[2mpublic/build/[22m[36massets/log-out-iHVcuQXf.js                                               [39m[1m[2m  0.45 kB[22m[1m[22m[2m │ gzip:   0.33 kB[22m
[2mpublic/build/[22m[36massets/utensils-BVjtC5d0.js                                              [39m[1m[2m  0.45 kB[22m[1m[22m[2m │ gzip:   0.32 kB[22m
[2mpublic/build/[22m[36massets/download-BTeW6rsD.js                                              [39m[1m[2m  0.45 kB[22m[1m[22m[2m │ gzip:   0.33 kB[22m
[2mpublic/build/[22m[36massets/triangle-alert-CO95qd2f.js                                        [39m[1m[2m  0.45 kB[22m[1m[22m[2m │ gzip:   0.32 kB[22m
[2mpublic/build/[22m[36massets/pencil-7hcjPrAb.js                                                [39m[1m[2m  0.46 kB[22m[1m[22m[2m │ gzip:   0.34 kB[22m
[2mpublic/build/[22m[36massets/EmptyState.vue_vue_type_script_setup_true_lang-CMoLP83u.js        [39m[1m[2m  0.48 kB[22m[1m[22m[2m │ gzip:   0.36 kB[22m
[2mpublic/build/[22m[36massets/list-DslMsJM9.js                                                  [39m[1m[2m  0.49 kB[22m[1m[22m[2m │ gzip:   0.30 kB[22m
[2mpublic/build/[22m[36massets/users-DfSPg-QP.js                                                 [39m[1m[2m  0.49 kB[22m[1m[22m[2m │ gzip:   0.34 kB[22m
[2mpublic/build/[22m[36massets/badge-check-uSF4b6Kp.js                                           [39m[1m[2m  0.50 kB[22m[1m[22m[2m │ gzip:   0.33 kB[22m
[2mpublic/build/[22m[36massets/printer-3M3XFbkx.js                                               [39m[1m[2m  0.51 kB[22m[1m[22m[2m │ gzip:   0.35 kB[22m
[2mpublic/build/[22m[36massets/refresh-cw-CXKeQeQj.js                                            [39m[1m[2m  0.51 kB[22m[1m[22m[2m │ gzip:   0.34 kB[22m
[2mpublic/build/[22m[36massets/tag-DIhJPB-H.js                                                   [39m[1m[2m  0.51 kB[22m[1m[22m[2m │ gzip:   0.36 kB[22m
[2mpublic/build/[22m[36massets/save-CsVTYrp_.js                                                  [39m[1m[2m  0.51 kB[22m[1m[22m[2m │ gzip:   0.34 kB[22m
[2mpublic/build/[22m[36massets/alarm-clock-OPMqCm8I.js                                           [39m[1m[2m  0.52 kB[22m[1m[22m[2m │ gzip:   0.35 kB[22m
[2mpublic/build/[22m[36massets/layout-grid-C9frH_E5.js                                           [39m[1m[2m  0.53 kB[22m[1m[22m[2m │ gzip:   0.31 kB[22m
[2mpublic/build/[22m[36massets/trash-2-A9luDzzH.js                                               [39m[1m[2m  0.54 kB[22m[1m[22m[2m │ gzip:   0.36 kB[22m
[2mpublic/build/[22m[36massets/hourglass-BX5z3Dwa.js                                             [39m[1m[2m  0.55 kB[22m[1m[22m[2m │ gzip:   0.35 kB[22m
[2mpublic/build/[22m[36massets/image-plus-S0Rs_BOa.js                                            [39m[1m[2m  0.55 kB[22m[1m[22m[2m │ gzip:   0.36 kB[22m
[2mpublic/build/[22m[36massets/phone-CaoSK0Lx.js                                                 [39m[1m[2m  0.58 kB[22m[1m[22m[2m │ gzip:   0.37 kB[22m
[2mpublic/build/[22m[36massets/bell-ring-D_HuyFjI.js                                             [39m[1m[2m  0.58 kB[22m[1m[22m[2m │ gzip:   0.40 kB[22m
[2mpublic/build/[22m[36massets/landmark-BO8CI17e.js                                              [39m[1m[2m  0.59 kB[22m[1m[22m[2m │ gzip:   0.35 kB[22m
[2mpublic/build/[22m[36massets/layers-Dj13SHq8.js                                                [39m[1m[2m  0.61 kB[22m[1m[22m[2m │ gzip:   0.35 kB[22m
[2mpublic/build/[22m[36massets/arrow-up-CISR6GzC.js                                              [39m[1m[2m  0.63 kB[22m[1m[22m[2m │ gzip:   0.32 kB[22m
[2mpublic/build/[22m[36massets/star-BtwjWrwF.js                                                  [39m[1m[2m  0.66 kB[22m[1m[22m[2m │ gzip:   0.42 kB[22m
[2mpublic/build/[22m[36massets/sparkles-xeqInOjH.js                                              [39m[1m[2m  0.70 kB[22m[1m[22m[2m │ gzip:   0.41 kB[22m
[2mpublic/build/[22m[36massets/Select.vue_vue_type_script_setup_true_lang-D4oNYP0r.js            [39m[1m[2m  0.71 kB[22m[1m[22m[2m │ gzip:   0.47 kB[22m
[2mpublic/build/[22m[36massets/Input.vue_vue_type_script_setup_true_lang-Crh_Gb9U.js             [39m[1m[2m  0.73 kB[22m[1m[22m[2m │ gzip:   0.48 kB[22m
[2mpublic/build/[22m[36massets/StatCard.vue_vue_type_script_setup_true_lang-BrEd88AS.js          [39m[1m[2m  0.82 kB[22m[1m[22m[2m │ gzip:   0.45 kB[22m
[2mpublic/build/[22m[36massets/upload-usv5mRcz.js                                                [39m[1m[2m  0.82 kB[22m[1m[22m[2m │ gzip:   0.43 kB[22m
[2mpublic/build/[22m[36massets/store-CjX8L1bZ.js                                                 [39m[1m[2m  0.83 kB[22m[1m[22m[2m │ gzip:   0.41 kB[22m
[2mpublic/build/[22m[36massets/qr-code-cF0Iy03j.js                                               [39m[1m[2m  0.84 kB[22m[1m[22m[2m │ gzip:   0.43 kB[22m
[2mpublic/build/[22m[36massets/usePolling-DdIiqH_P.js                                            [39m[1m[2m  0.88 kB[22m[1m[22m[2m │ gzip:   0.58 kB[22m
[2mpublic/build/[22m[36massets/chef-hat-B4Sc-TrD.js                                              [39m[1m[2m  0.89 kB[22m[1m[22m[2m │ gzip:   0.45 kB[22m
[2mpublic/build/[22m[36massets/Badge.vue_vue_type_script_setup_true_lang-BM3LhddY.js             [39m[1m[2m  0.97 kB[22m[1m[22m[2m │ gzip:   0.51 kB[22m
[2mpublic/build/[22m[36massets/format-CKTCnTbW.js                                                [39m[1m[2m  1.00 kB[22m[1m[22m[2m │ gzip:   0.41 kB[22m
[2mpublic/build/[22m[36massets/BrandMark.vue_vue_type_script_setup_true_lang-5i7Mggkd.js         [39m[1m[2m  1.01 kB[22m[1m[22m[2m │ gzip:   0.61 kB[22m
[2mpublic/build/[22m[36massets/Pagination.vue_vue_type_script_setup_true_lang-DRXmHjdI.js        [39m[1m[2m  1.06 kB[22m[1m[22m[2m │ gzip:   0.66 kB[22m
[2mpublic/build/[22m[36massets/CartLineBody.vue_vue_type_script_setup_true_lang-DdldMq1x.js      [39m[1m[2m  1.15 kB[22m[1m[22m[2m │ gzip:   0.68 kB[22m
[2mpublic/build/[22m[36massets/user-round-D1_N53op.js                                            [39m[1m[2m  1.24 kB[22m[1m[22m[2m │ gzip:   0.49 kB[22m
[2mpublic/build/[22m[36massets/useGuestCart-D_4u9eiS.js                                          [39m[1m[2m  1.24 kB[22m[1m[22m[2m │ gzip:   0.73 kB[22m
[2mpublic/build/[22m[36massets/SectionCard.vue_vue_type_script_setup_true_lang-C_nnSATd.js       [39m[1m[2m  1.25 kB[22m[1m[22m[2m │ gzip:   0.52 kB[22m
[2mpublic/build/[22m[36massets/StarRating.vue_vue_type_script_setup_true_lang-Buq1skcL.js        [39m[1m[2m  1.30 kB[22m[1m[22m[2m │ gzip:   0.80 kB[22m
[2mpublic/build/[22m[36massets/createLucideIcon-BKYN_LoO.js                                      [39m[1m[2m  1.39 kB[22m[1m[22m[2m │ gzip:   0.57 kB[22m
[2mpublic/build/[22m[36massets/Login-DDaeU1dU.js                                                 [39m[1m[2m  2.49 kB[22m[1m[22m[2m │ gzip:   1.24 kB[22m
[2mpublic/build/[22m[36massets/KitchenTicket-BlmoCeTo.js                                         [39m[1m[2m  2.81 kB[22m[1m[22m[2m │ gzip:   1.45 kB[22m
[2mpublic/build/[22m[36massets/FilterBar.vue_vue_type_script_setup_true_lang-Ct3hd5n7.js         [39m[1m[2m  2.82 kB[22m[1m[22m[2m │ gzip:   1.24 kB[22m
[2mpublic/build/[22m[36massets/wine-ZA3Cjw6T.js                                                  [39m[1m[2m  2.89 kB[22m[1m[22m[2m │ gzip:   0.81 kB[22m
[2mpublic/build/[22m[36massets/ImageField.vue_vue_type_script_setup_true_lang-CWkKEYo3.js        [39m[1m[2m  2.90 kB[22m[1m[22m[2m │ gzip:   1.52 kB[22m
[2mpublic/build/[22m[36massets/ReviewSheet.vue_vue_type_script_setup_true_lang-D0lz2yWB.js       [39m[1m[2m  3.09 kB[22m[1m[22m[2m │ gzip:   1.57 kB[22m
[2mpublic/build/[22m[36massets/Stations-D06WK5Qk.js                                              [39m[1m[2m  3.59 kB[22m[1m[22m[2m │ gzip:   1.66 kB[22m
[2mpublic/build/[22m[36massets/Index-q7VxHzGO.js                                                 [39m[1m[2m  3.62 kB[22m[1m[22m[2m │ gzip:   1.53 kB[22m
[2mpublic/build/[22m[36massets/Index-DJRab0RO.js                                                 [39m[1m[2m  3.87 kB[22m[1m[22m[2m │ gzip:   1.65 kB[22m
[2mpublic/build/[22m[36massets/Show-DXIvllRE.js                                                  [39m[1m[2m  4.34 kB[22m[1m[22m[2m │ gzip:   1.79 kB[22m
[2mpublic/build/[22m[36massets/Index-Bmjc-M6T.js                                                 [39m[1m[2m  4.46 kB[22m[1m[22m[2m │ gzip:   1.96 kB[22m
[2mpublic/build/[22m[36massets/Receipt-D4NE9dga.js                                               [39m[1m[2m  4.65 kB[22m[1m[22m[2m │ gzip:   1.97 kB[22m
[2mpublic/build/[22m[36massets/Index-DPWndPPv.js                                                 [39m[1m[2m  5.31 kB[22m[1m[22m[2m │ gzip:   2.19 kB[22m
[2mpublic/build/[22m[36massets/Show-DgNYCArX.js                                                  [39m[1m[2m  5.60 kB[22m[1m[22m[2m │ gzip:   2.08 kB[22m
[2mpublic/build/[22m[36massets/Profit-5v8cZ7yy.js                                                [39m[1m[2m  5.64 kB[22m[1m[22m[2m │ gzip:   2.03 kB[22m
[2mpublic/build/[22m[36massets/Index-C1uxhDiU.js                                                 [39m[1m[2m  5.87 kB[22m[1m[22m[2m │ gzip:   2.48 kB[22m
[2mpublic/build/[22m[36massets/Index-CJyRWXfj.js                                                 [39m[1m[2m  6.24 kB[22m[1m[22m[2m │ gzip:   2.39 kB[22m
[2mpublic/build/[22m[36massets/Kitchen-BgO9YBHc.js                                               [39m[1m[2m  6.42 kB[22m[1m[22m[2m │ gzip:   2.68 kB[22m
[2mpublic/build/[22m[36massets/Login-CbWUH19C.js                                                 [39m[1m[2m  6.83 kB[22m[1m[22m[2m │ gzip:   2.85 kB[22m
[2mpublic/build/[22m[36massets/Permissions-BV_2kpGx.js                                           [39m[1m[2m  6.87 kB[22m[1m[22m[2m │ gzip:   2.86 kB[22m
[2mpublic/build/[22m[36massets/QrCodes-wgs3lZJE.js                                               [39m[1m[2m  7.08 kB[22m[1m[22m[2m │ gzip:   2.89 kB[22m
[2mpublic/build/[22m[36massets/Board-DBNZBFk1.js                                                 [39m[1m[2m  7.56 kB[22m[1m[22m[2m │ gzip:   3.08 kB[22m
[2mpublic/build/[22m[36massets/Index-6pXP28Mz.js                                                 [39m[1m[2m  7.64 kB[22m[1m[22m[2m │ gzip:   3.23 kB[22m
[2mpublic/build/[22m[36massets/Index-BWg1dy5K.js                                                 [39m[1m[2m  7.70 kB[22m[1m[22m[2m │ gzip:   2.80 kB[22m
[2mpublic/build/[22m[36massets/Index-bqmShgmP.js                                                 [39m[1m[2m  7.93 kB[22m[1m[22m[2m │ gzip:   3.13 kB[22m
[2mpublic/build/[22m[36massets/CashSettlement-CSUaVrA7.js                                        [39m[1m[2m  8.30 kB[22m[1m[22m[2m │ gzip:   3.20 kB[22m
[2mpublic/build/[22m[36massets/Index-CS1xGW6V.js                                                 [39m[1m[2m  8.41 kB[22m[1m[22m[2m │ gzip:   2.77 kB[22m
[2mpublic/build/[22m[36massets/PosLayout.vue_vue_type_script_setup_true_lang-_X3Q0kmt.js         [39m[1m[2m  8.55 kB[22m[1m[22m[2m │ gzip:   3.40 kB[22m
[2mpublic/build/[22m[36massets/OnlineOrders-CKVt9iMg.js                                          [39m[1m[2m  9.12 kB[22m[1m[22m[2m │ gzip:   3.62 kB[22m
[2mpublic/build/[22m[36massets/Queue-Ba97sc82.js                                                 [39m[1m[2m 10.02 kB[22m[1m[22m[2m │ gzip:   3.42 kB[22m
[2mpublic/build/[22m[36massets/Index-0r9xSEFF.js                                                 [39m[1m[2m 10.53 kB[22m[1m[22m[2m │ gzip:   3.93 kB[22m
[2mpublic/build/[22m[36massets/Account-wUcEQwts.js                                               [39m[1m[2m 10.54 kB[22m[1m[22m[2m │ gzip:   3.86 kB[22m
[2mpublic/build/[22m[36massets/Index-DxY9tbhN.js                                                 [39m[1m[2m 10.58 kB[22m[1m[22m[2m │ gzip:   3.83 kB[22m
[2mpublic/build/[22m[36massets/Targets-CS_V8QZE.js                                               [39m[1m[2m 11.99 kB[22m[1m[22m[2m │ gzip:   4.27 kB[22m
[2mpublic/build/[22m[36massets/ProductSheet.vue_vue_type_script_setup_true_lang-DctHitZQ.js      [39m[1m[2m 13.13 kB[22m[1m[22m[2m │ gzip:   4.78 kB[22m
[2mpublic/build/[22m[36massets/Track-vPob67QR.js                                                 [39m[1m[2m 14.51 kB[22m[1m[22m[2m │ gzip:   4.94 kB[22m
[2mpublic/build/[22m[36massets/Index-DwdNnImL.js                                                 [39m[1m[2m 15.15 kB[22m[1m[22m[2m │ gzip:   4.82 kB[22m
[2mpublic/build/[22m[36massets/Index-gHg1nJ9N.js                                                 [39m[1m[2m 15.19 kB[22m[1m[22m[2m │ gzip:   4.78 kB[22m
[2mpublic/build/[22m[36massets/Index-DJro2eMg.js                                                 [39m[1m[2m 15.92 kB[22m[1m[22m[2m │ gzip:   5.20 kB[22m
[2mpublic/build/[22m[36massets/Dashboard-Dudd2AHG.js                                             [39m[1m[2m 15.97 kB[22m[1m[22m[2m │ gzip:   5.28 kB[22m
[2mpublic/build/[22m[36massets/Summary-mIl3hk24.js                                               [39m[1m[2m 15.99 kB[22m[1m[22m[2m │ gzip:   4.82 kB[22m
[2mpublic/build/[22m[36massets/Menu-DseMj6Ul.js                                                  [39m[1m[2m 16.12 kB[22m[1m[22m[2m │ gzip:   5.42 kB[22m
[2mpublic/build/[22m[36massets/BackOfficeLayout.vue_vue_type_script_setup_true_lang-B-kAB4sc.js  [39m[1m[2m 19.27 kB[22m[1m[22m[2m │ gzip:   6.04 kB[22m
[2mpublic/build/[22m[36massets/Index-DV_Gx0dy.js                                                 [39m[1m[2m 20.03 kB[22m[1m[22m[2m │ gzip:   6.22 kB[22m
[2mpublic/build/[22m[36massets/Tables-C7fNbnrp.js                                                [39m[1m[2m 20.75 kB[22m[1m[22m[2m │ gzip:   6.55 kB[22m
[2mpublic/build/[22m[36massets/Button.vue_vue_type_script_setup_true_lang-Bu_1XO4O.js            [39m[1m[2m 22.47 kB[22m[1m[22m[2m │ gzip:   7.77 kB[22m
[2mpublic/build/[22m[36massets/Index-CYphVRQm.js                                                 [39m[1m[2m 22.81 kB[22m[1m[22m[2m │ gzip:   6.46 kB[22m
[2mpublic/build/[22m[36massets/browser-BUhuE6nF.js                                               [39m[1m[2m 25.39 kB[22m[1m[22m[2m │ gzip:   9.96 kB[22m
[2mpublic/build/[22m[36massets/Terminal-COftNgdR.js                                              [39m[1m[2m 30.81 kB[22m[1m[22m[2m │ gzip:   9.63 kB[22m
[2mpublic/build/[22m[36massets/Modal.vue_vue_type_script_setup_true_lang-CqJxZ0we.js             [39m[1m[2m 31.51 kB[22m[1m[22m[2m │ gzip:  10.50 kB[22m
[2mpublic/build/[22m[36massets/Branch-DbLAwGHG.js                                                [39m[1m[2m 31.82 kB[22m[1m[22m[2m │ gzip:   9.61 kB[22m
[2mpublic/build/[22m[36massets/Index-Dh4mhZS6.js                                                 [39m[1m[2m 41.84 kB[22m[1m[22m[2m │ gzip:  11.23 kB[22m
[2mpublic/build/[22m[36massets/Index-C6omIUHW.js                                                 [39m[1m[2m 43.21 kB[22m[1m[22m[2m │ gzip:  10.65 kB[22m
[2mpublic/build/[22m[36massets/Index-BNZafZlX.js                                                 [39m[1m[2m 50.73 kB[22m[1m[22m[2m │ gzip:  13.83 kB[22m
[2mpublic/build/[22m[36massets/Index-ChgCYOzU.js                                                 [39m[1m[2m 56.79 kB[22m[1m[22m[2m │ gzip:  13.56 kB[22m
[2mpublic/build/[22m[36massets/Menu-zmTeVvPN.js                                                  [39m[1m[2m 67.22 kB[22m[1m[22m[2m │ gzip:  18.48 kB[22m
[2mpublic/build/[22m[36massets/BarChart.vue_vue_type_script_setup_true_lang-Bytakkfl.js          [39m[1m[2m176.42 kB[22m[1m[22m[2m │ gzip:  62.23 kB[22m
[2mpublic/build/[22m[36massets/app-DKZGL_5B.js                                                   [39m[1m[2m294.71 kB[22m[1m[22m[2m │ gzip: 102.80 kB[22m
[32m✓ built in 3m 37s[39m
