
   WARN  Metadata found in doc-comment for method Tests\Unit\SalesTaxReportTest::test_reads_the_sequence_from_a_receipt_number(). Metadata in doc-comments is deprecated and will no longer be supported in PHPUnit 12. Update your test code to use attributes instead.

   PASS  Tests\Unit\BankReconciliationTest
  ✓ deducts fee because bank transfers the net amount                                                                                                                                           0.03s  
  ✓ deducts refunds
  ✓ cash uses the settlement amount not the cash sales
  ✓ diff is actual minus expected
  ✓ diff is zero while nobody has reconciled yet
  ✓ hides channels with no activity
  ✓ keeps a channel somebody already reconciled even at zero
  ✓ channel order puts cash first
  ✓ rounds to two decimals
  ✓ totals across days

   PASS  Tests\Unit\FileExportDriverTest
  ✓ builds the normal path                                                                                                                                                                      0.04s  
  ✓ trims slashes and normalises backslashes
  ✓ a branch code cannot escape the folder
  ✓ two thai branch codes do not overwrite each other                                                                                                                                           0.01s  
  ✓ falls back when everything is stripped

   PASS  Tests\Unit\MoneyTest
  ✓ extracts vat from price that already includes it
  ✓ adds vat on top of price
  ✓ rounding modes
  ✓ percent

   PASS  Tests\Unit\PromptPayServiceTest
  ✓ mobile number is converted to the promptpay format
  ✓ national id uses its own tag
  ✓ amount makes it a one time qr
  ✓ checksum matches the payload
  ✓ thai shop name is stripped to ascii
  ✓ invalid promptpay id is rejected

   PASS  Tests\Unit\SalesExportTest
  ✓ cancelled bills stay in the payload but not in the sales total                                                                                                                              0.01s  
  ✓ payment channels count money that actually moved
  ✓ channel fee is deducted from net
  ✓ channel order is stable
  ✓ a day with no bills

   PASS  Tests\Unit\SalesTaxReportTest
  ✓ finds the gap in the middle                                                                                                                                                                 0.01s  
  ✓ numbering always starts at one
  ✓ no gap when continuous
  ✓ empty set has no gap
  ✓ ignores duplicates and unordered input
  ✓ ignores numbers below one
  ✓ pads to four digits
  ✓ reads the sequence from a receipt number with data set "รูปแบบปกติ"
  ✓ reads the sequence from a receipt number with data set "เลขแรกของวัน"
  ✓ reads the sequence from a receipt number with data set "ลำดับห้าหลัก"
  ✓ reads the sequence from a receipt number with data set "ไม่มีเลขที่ใบเสร็จ"
  ✓ reads the sequence from a receipt number with data set "รูปแบบของระบบเก่า"
  ✓ reads the sequence from a receipt number with data set "ไม่มีตัวนำหน้า r"
  ✓ reads the sequence from a receipt number with data set "ลำดับสั้นเกินไป"
  ✓ reads the sequence from a receipt number with data set "ข้อความว่าง"

   PASS  Tests\Feature\BackupAndMonitoringTest
  ✓ a system error is recorded                                                                                                                                                                  0.80s  
  ✓ mistakes made by people are not recorded                                                                                                                                                    0.06s  
  ✓ server side http errors are recorded                                                                                                                                                        0.05s  
  ✓ the same bug is one case even when the numbers differ                                                                                                                                       0.05s  
  ✓ different bugs stay separate                                                                                                                                                                0.04s  
  ✓ a closed case reopens when the bug happens again                                                                                                                                            0.04s  
  ✓ recording never throws even when its own table is gone                                                                                                                                      0.07s  
  ✓ pruning only removes old closed cases                                                                                                                                                       0.05s  
  ✓ database backup says plainly that it needs sql server                                                                                                                                       0.06s  
  ✓ slots rotate by weekday and month                                                                                                                                                           0.03s  
  ✓ the monthly slot is written once per month not once per first day                                                                                                                           0.04s  
  ✓ uploads are zipped into the slot file                                                                                                                                                       0.12s  
  ✓ running again reuses the same slot file instead of piling up                                                                                                                                0.08s  
  ✓ a missing folder is skipped not reported as a failure                                                                                                                                       0.04s  
  ✓ an empty folder is skipped too                                                                                                                                                              0.05s  
  ✓ a folder bigger than the cap fails loudly                                                                                                                                                   0.08s  
  ✓ backups are never zipped into the next backup                                                                                                                                               0.08s  
  ✓ paths that mix slashes are still recognised on windows                                                                                                                                      0.04s  
  ✓ a backslash in a linux filename is left alone                                                                                                                                               0.03s  
  ✓ names inside the zip always use forward slashes                                                                                                                                             0.03s  
  ✓ never having backed up counts as stale                                                                                                                                                      0.04s  
  ✓ a recent success clears the stale flag                                                                                                                                                      0.04s  
  ✓ the scheduler is reported down only after it goes quiet                                                                                                                                     0.05s  
  ✓ owner can open the health page                                                                                                                                                              0.63s  
  ✓ a manager cannot open the health page                                                                                                                                                       0.36s  
  ✓ closing a case from the page                                                                                                                                                                0.39s  
  ✓ a manager cannot close a case                                                                                                                                                               0.34s  
  ✓ pressing backup now records the attempt even when it fails                                                                                                                                  0.34s  

   PASS  Tests\Feature\BranchIsolationTest
  ✓ pos terminal refuses a bill from another branch                                                                                                                                             0.38s  
  ✓ pos terminal still opens a bill from its own branch                                                                                                                                         0.35s  
  ✓ pos terminal opens with no bill selected                                                                                                                                                    0.31s  
  ✓ printing a receipt from another branch is refused                                                                                                                                           0.32s  
  ✓ moving another branchs bill to a table is refused                                                                                                                                           0.32s  
  ✓ back office sale detail refuses another branch                                                                                                                                              0.33s  
  ✓ undoing another branchs bank reconciliation is refused                                                                                                                                      0.32s  
  ✓ asking for a branch you cannot access is refused                                                                                                                                            0.32s  
  ✓ a cashier can reach only their own branch                                                                                                                                                   0.31s  
  ✓ an owner can reach every active branch                                                                                                                                                      0.31s  
  ✓ a product of another branch is not sellable here                                                                                                                                            0.03s  
  ✓ a central product is sellable at every branch                                                                                                                                               0.03s  

   PASS  Tests\Feature\CentralStockTest
  ✓ a central item is usable at every branch                                                                                                                                                    0.04s  
  ✓ an item that belongs to one branch is not visible at another                                                                                                                                0.02s  
  ✓ two central items cannot share a code                                                                                                                                                       0.03s  
  ✓ a branch item may reuse a central code                                                                                                                                                      0.03s  
  ✓ stock is separate per branch                                                                                                                                                                0.04s  
  ✓ selling deducts only the branch that sold it                                                                                                                                                0.03s  
  ✓ weighted average cost is separate per branch                                                                                                                                                0.03s  
  ✓ the first movement creates the branch row by itself                                                                                                                                         0.03s  
  ✓ receiving in purchase units converts to base units                                                                                                                                          0.03s  
  ✓ a movement records the branch it was told not the items branch                                                                                                                              0.04s  
  ✓ the recipe of one branch does not leak into another                                                                                                                                         0.03s  
  ✓ unit cost uses the cost of the branch that is selling                                                                                                                                       0.03s  
  ✓ items that do not scale with portion stay at one                                                                                                                                            0.03s  

   PASS  Tests\Feature\MemberAndBenefitTest
  ✓ otp login creates the member on first verification                                                                                                                                          1.34s  
  ✓ a wrong code counts attempts and locks after the limit                                                                                                                                      2.36s  
  ✓ requesting a new code too soon is blocked                                                                                                                                                   0.61s  
  ✓ hr must approve before the staff price applies                                                                                                                                              0.34s  
  ✓ approved employee gets the staff price                                                                                                                                                      0.33s  
  ✓ alcohol is excluded from the benefit                                                                                                                                                        0.33s  
  ✓ the monthly cap limits the discount                                                                                                                                                         0.33s  
  ✓ the cap counts usage already recorded this month                                                                                                                                            0.33s  
  ✓ paying records the benefit for the company to reimburse                                                                                                                                     0.37s  
  ✓ a disabled payment method is refused by the server                                                                                                                                          0.35s  
  ✓ queue numbers run per day and only after the shop accepts                                                                                                                                   0.37s  
  ✓ role defaults and per user overrides                                                                                                                                                        0.58s  
  ✓ an inactive account loses every permission                                                                                                                                                  0.32s  

   PASS  Tests\Feature\OnlineOrderFlowTest
  ✓ a guest can order from the storefront without logging in                                                                                                                                    0.41s  
  ✓ the phone number links the order to a customer record                                                                                                                                       0.45s  
  ✓ accepting sends the order to the kitchen                                                                                                                                                    0.41s  
  ✓ rejecting voids the bill and keeps the reason for the customer                                                                                                                              0.54s  
  ✓ a customer can cancel only before the shop accepts                                                                                                                                          0.42s  
  ✓ staff orders skip approval and go straight to the kitchen                                                                                                                                   0.38s  
  ✓ staff can order even when the shop is closed to online orders                                                                                                                               0.58s  
  ✓ paying completes the online order and awards points                                                                                                                                         0.73s  
  ✓ points can be switched off for online orders                                                                                                                                                0.37s  
  ✓ a government scheme is recorded as an intent only                                                                                                                                           0.58s  
  ✓ the tracking page is reachable only with the token                                                                                                                                          0.53s  
  ✓ a government scheme bill is settled by staff as a split payment                                                                                                                             0.71s  
  ✓ the payment intent never settles the bill by itself                                                                                                                                         0.43s  
  ✓ it refuses menu items from another branch                                                                                                                                                   0.38s  

   PASS  Tests\Feature\OrderFlowTest
  ✓ it totals a bill with vat included                                                                                                                                                          0.37s  
  ✓ paying closes the bill and records change                                                                                                                                                   0.39s  
  ✓ it refuses to pay less than the bill total                                                                                                                                                  0.39s  

   PASS  Tests\Feature\PeriodLockTest
  ✓ closing a period blocks editing bills from that month                                                                                                                                       0.55s  
  ✓ bills in a month that is still open are untouched                                                                                                                                           0.35s  
  ✓ refunding a bill from a closed period is blocked                                                                                                                                            0.35s  
  ✓ voiding a bill from a closed period is blocked                                                                                                                                              0.37s  
  ✓ paying a bill left open in a closed period is blocked                                                                                                                                       0.33s  
  ✓ a month that has not ended cannot be closed                                                                                                                                                 0.03s  
  ✓ a period with open bills cannot be closed                                                                                                                                                   0.38s  
  ✓ closing the same period twice is refused                                                                                                                                                    0.05s  
  ✓ each station closes its own periods                                                                                                                                                         0.04s  
  ✓ the owner can reopen a closed period with a reason                                                                                                                                          0.37s  
  ✓ a manager cannot reopen a closed period                                                                                                                                                     0.32s  
  ✓ reopening needs a real reason                                                                                                                                                               0.31s  
  ✓ a period that is not closed cannot be reopened                                                                                                                                              0.30s  
  ✓ closing again after a reopen keeps the history                                                                                                                                              0.32s  
  ✓ closing and reopening are written to the activity log                                                                                                                                       0.33s  
  ✓ the overview shows the status and totals of each month                                                                                                                                      0.39s  
  ✓ a manager can open the periods page                                                                                                                                                         0.33s  
  ✓ a cashier cannot open the periods page                                                                                                                                                      0.37s  
  ✓ closing a period through the page                                                                                                                                                           0.32s  
  ✓ a manager who posts the reopen form is refused                                                                                                                                              0.31s  
  ✓ a short reason is rejected by the form                                                                                                                                                      0.33s  
  ✓ period strings are normalised                                                                                                                                                               0.02s  

   PASS  Tests\Feature\SelfOrderFlowTest
  ✓ every table gets a unique qr token                                                                                                                                                          0.35s  
  ✓ guest can order without logging in                                                                                                                                                          0.36s  
  ✓ customer items do not reach the kitchen before approval                                                                                                                                     0.34s  
  ✓ approval sends items to the kitchen                                                                                                                                                         0.37s  
  ✓ rejected items are voided and removed from the bill                                                                                                                                         0.39s  
  ✓ bill cannot be paid while items await approval                                                                                                                                              0.37s  
  ✓ paying closes the table session so the qr stops accepting orders                                                                                                                            0.39s  
  ✓ scanning after payment opens a fresh session                                                                                                                                                0.42s  
  ✓ kitchen ticket moves through its stages                                                                                                                                                     0.44s  
  ✓ duplicate service calls are merged                                                                                                                                                          0.36s  
  ✓ guest cannot order a product from another branch                                                                                                                                            0.36s  

   PASS  Tests\Feature\StationManagementTest
  ✓ owner can open the stations page                                                                                                                                                            0.37s  
  ✓ a manager cannot open the stations page                                                                                                                                                     0.48s  
  ✓ a manager cannot open a new station                                                                                                                                                         0.47s  
  ✓ owner opens a station without copying anything                                                                                                                                              0.45s  
  ✓ a station code with thai letters or spaces is refused                                                                                                                                       0.34s  
  ✓ a duplicate station code is refused                                                                                                                                                         0.35s  
  ✓ recipes and costs follow the new station but stock starts at zero                                                                                                                           0.35s  
  ✓ things that belong only to the source station are not copied                                                                                                                                0.35s  
  ✓ copied tables get brand new qr tokens                                                                                                                                                       0.44s  
  ✓ the last active station cannot be switched off                                                                                                                                              0.44s  
  ✓ a station with open bills cannot be switched off                                                                                                                                            0.49s  
  ✓ switching off the station you are viewing moves you somewhere else                                                                                                                          0.39s  
  ✓ an owner whose home station was switched off can still use the back office                                                                                                                  0.38s  
  ✓ a switched off station can be switched back on                                                                                                                                              0.40s  
  ✓ the station code cannot be changed after it is created                                                                                                                                      0.49s  
  ✓ coordinates outside the map are refused                                                                                                                                                     0.46s  
  ✓ owner adds and removes a gallery image                                                                                                                                                      1.12s  
  ✓ an image cannot be deleted through another station                                                                                                                                          0.58s  
  ✓ reordering only touches images of that station                                                                                                                                              0.40s  

   PASS  Tests\Feature\StockTransferTest
  ✓ a manager can open the transfers page                                                                                                                                                       0.41s  
  ✓ a waiter cannot open the transfers page                                                                                                                                                     0.36s  
  ✓ sending takes stock out of the source and leaves the destination alone                                                                                                                      0.36s  
  ✓ sending more than the branch has is refused                                                                                                                                                 0.34s  
  ✓ a station specific stock item cannot be transferred                                                                                                                                         0.36s  
  ✓ receiving adds stock at the destination with a weighted average cost                                                                                                                        0.74s  
  ✓ receiving less than was sent records the shortfall without inventing stock                                                                                                                  0.65s  
  ✓ a transfer cannot be received twice                                                                                                                                                         0.64s  
  ✓ cancelling puts the stock back at the source                                                                                                                                                0.34s  
  ✓ only the destination can receive                                                                                                                                                            0.35s  
  ✓ only the source can cancel                                                                                                                                                                  0.63s  
  ✓ an owner can act for both stations                                                                                                                                                          0.35s  

  Tests:    192 passed (482 assertions)
  Duration: 49.38s

